// Jest Snapshot v1, https://goo.gl/fbAQLP

exports[`Graph Style Component should render default property 1`] = `[Function]`;
