// Jest Snapshot v1, https://goo.gl/fbAQLP

exports[`Delete Database Confirmation Pane submit() Should call delete database 1`] = `undefined`;
