// Jest Snapshot v1, https://goo.gl/fbAQLP

exports[`Resource tree for schema should render 1`] = `
<div
  className="treeComponent dataResourceTree"
  role="tree"
>
  <LegacyTreeNodeComponent
    generation={0}
    node={
      {
        "children": [
          {
            "children": [
              {
                "label": "String",
              },
              {
                "label": "HasNulls: true",
              },
            ],
            "label": "_rid",
          },
          {
            "children": [
              {
                "label": "Int64",
              },
              {
                "label": "HasNulls: true",
              },
            ],
            "label": "_ts",
          },
          {
            "children": [
              {
                "label": "String",
              },
              {
                "label": "HasNulls: true",
              },
            ],
            "label": "id",
          },
          {
            "children": [
              {
                "label": "String",
              },
              {
                "label": "HasNulls: true",
              },
            ],
            "label": "pk",
          },
          {
            "children": [
              {
                "label": "String",
              },
              {
                "label": "HasNulls: true",
              },
            ],
            "label": "other",
          },
          {
            "children": [
              {
                "children": [
                  {
                    "label": "String",
                  },
                  {
                    "label": "HasNulls: true",
                  },
                ],
                "label": "name",
              },
              {
                "children": [
                  {
                    "label": "Int64",
                  },
                  {
                    "label": "HasNulls: true",
                  },
                ],
                "label": "someNumber",
              },
              {
                "children": [
                  {
                    "label": "Double",
                  },
                  {
                    "label": "HasNulls: true",
                  },
                ],
                "label": "anotherNumber",
              },
            ],
            "label": "nested",
          },
          {
            "children": [
              {
                "children": [
                  {
                    "children": [
                      {
                        "children": [
                          {
                            "label": "String",
                          },
                          {
                            "label": "HasNulls: true",
                          },
                        ],
                        "label": "name",
                      },
                      {
                        "children": [
                          {
                            "label": "Int64",
                          },
                          {
                            "label": "HasNulls: true",
                          },
                        ],
                        "label": "someNumber",
                      },
                      {
                        "children": [
                          {
                            "label": "Double",
                          },
                          {
                            "label": "HasNulls: true",
                          },
                        ],
                        "label": "anotherNumber",
                      },
                    ],
                    "label": "items",
                  },
                ],
                "label": "list",
              },
            ],
            "label": "items",
          },
          {
            "children": [
              {
                "label": "String",
              },
              {
                "label": "HasNulls: true",
              },
            ],
            "label": "_etag",
          },
        ],
        "label": "Schema",
        "onClick": [Function],
      }
    }
    paddingLeft={0}
  />
</div>
`;
