// Jest Snapshot v1, https://goo.gl/fbAQLP

exports[`InfoComponent renders 1`] = `
<StyledHoverCardBase
  instantOpenOnClick={true}
  plainCardProps={
    {
      "onRenderPlainCard": [Function],
    }
  }
  type="PlainCard"
>
  <div
    className="infoPanelMain"
    tabIndex={0}
  >
    <Icon
      className="infoIconMain"
      iconName="Help"
      styles={
        {
          "root": {
            "verticalAlign": "middle",
          },
        }
      }
    />
    <StyledLabelBase
      className="infoLabelMain"
    >
      Help
    </StyledLabelBase>
  </div>
</StyledHoverCardBase>
`;
