// Jest Snapshot v1, https://goo.gl/fbAQLP

exports[`New Vertex Component should render default prpoerty 1`] = `[Function]`;
