// Jest Snapshot v1, https://goo.gl/fbAQLP

exports[`Browse queries panel should render Default properly 1`] = `
<div
  className="panelFormWrapper"
>
  <div
    className="panelMainContent"
  >
    <QueriesGridComponent
      containerVisible={true}
      onQuerySelect={[Function]}
      saveQueryEnabled={true}
    />
  </div>
</div>
`;
