// Jest Snapshot v1, https://goo.gl/fbAQLP

exports[`SettingsUtils functions render 1`] = `
<Fragment>
  <span>
    Your 
    container
     throughput will automatically scale from
     
    <b>
      100
       RU/s (10% of max RU/s) -
       
      1000
       RU/s
    </b>
     
    based on usage. 
    <br />
    <br />
    After the first 
    10
     GB of data stored, the max RU/s will be automatically upgraded based on the new storage value.
    <a
      href="https://aka.ms/cosmos-autoscale-info"
      rel="noreferrer"
      target="_blank"
    >
       
      Learn more
    </a>
    .
  </span>
  <span>
    Your 
    database
     throughput will automatically scale from
     
    <b>
      100
       RU/s (10% of max RU/s) -
       
      1000
       RU/s
    </b>
     
    based on usage. 
    <br />
    <br />
    After the first 
    10
     GB of data stored, the max RU/s will be automatically upgraded based on the new storage value.
    <a
      href="https://aka.ms/cosmos-autoscale-info"
      rel="noreferrer"
      target="_blank"
    >
       
      Learn more
    </a>
    .
  </span>
  <span>
    Your 
    container
     throughput will automatically scale between 400 RU/s and 4,000 RU/s based on the workload needs, as long as your storage does not exceed 50GB. If your storage exceeds 50GB, we will upgrade the maximum (and minimum) throughput thresholds to the next available value. For more details, see
     
    <a
      href="https://aka.ms/cosmos-autoscale-info"
      rel="noreferrer"
      target="_blank"
    >
      documentation
    </a>
    .
  </span>
  <span>
    Your 
    container
     throughput will automatically scale between 2,000 RU/s and 20,000 RU/s based on the workload needs, as long as your storage does not exceed 200GB. If your storage exceeds 200GB, we will upgrade the maximum (and minimum) throughput thresholds to the next available value. For more details, see
     
    <a
      href="https://aka.ms/cosmos-autoscale-info"
      rel="noreferrer"
      target="_blank"
    >
      documentation
    </a>
    .
  </span>
  <span>
    Your 
    container
     throughput will automatically scale between 10,000 RU/s and 100,000 RU/s based on the workload needs, as long as your storage does not exceed 1TB. If your storage exceeds 1TB, we will upgrade the maximum (and minimum) throughput thresholds to the next available value. For more details, see
     
    <a
      href="https://aka.ms/cosmos-autoscale-info"
      rel="noreferrer"
      target="_blank"
    >
      documentation
    </a>
    .
  </span>
  <span>
    Your 
    container
     throughput will automatically scale between 50,000 RU/s and 500,000 RU/s based on the workload needs, as long as your storage does not exceed 5TB. If your storage exceeds 5TB, we will upgrade the maximum (and minimum) throughput thresholds to the next available value. For more details, see
     
    <a
      href="https://aka.ms/cosmos-autoscale-info"
      rel="noreferrer"
      target="_blank"
    >
      documentation
    </a>
    .
  </span>
  <span>
    Your 
    database
     throughput will automatically scale between 400 RU/s and 4,000 RU/s based on the workload needs, as long as your storage does not exceed 50GB. If your storage exceeds 50GB, we will upgrade the maximum (and minimum) throughput thresholds to the next available value. For more details, see
     
    <a
      href="https://aka.ms/cosmos-autoscale-info"
      rel="noreferrer"
      target="_blank"
    >
      documentation
    </a>
    .
  </span>
  <span>
    Your 
    database
     throughput will automatically scale between 2,000 RU/s and 20,000 RU/s based on the workload needs, as long as your storage does not exceed 200GB. If your storage exceeds 200GB, we will upgrade the maximum (and minimum) throughput thresholds to the next available value. For more details, see
     
    <a
      href="https://aka.ms/cosmos-autoscale-info"
      rel="noreferrer"
      target="_blank"
    >
      documentation
    </a>
    .
  </span>
  <span>
    Your 
    database
     throughput will automatically scale between 10,000 RU/s and 100,000 RU/s based on the workload needs, as long as your storage does not exceed 1TB. If your storage exceeds 1TB, we will upgrade the maximum (and minimum) throughput thresholds to the next available value. For more details, see
     
    <a
      href="https://aka.ms/cosmos-autoscale-info"
      rel="noreferrer"
      target="_blank"
    >
      documentation
    </a>
    .
  </span>
  <span>
    Your 
    database
     throughput will automatically scale between 50,000 RU/s and 500,000 RU/s based on the workload needs, as long as your storage does not exceed 5TB. If your storage exceeds 5TB, we will upgrade the maximum (and minimum) throughput thresholds to the next available value. For more details, see
     
    <a
      href="https://aka.ms/cosmos-autoscale-info"
      rel="noreferrer"
      target="_blank"
    >
      documentation
    </a>
    .
  </span>
  <span>
    Estimated cost (
    RMB
    ):
     
    <b>
      ¥
      1.29
       hourly 
       / 
      ¥
      31.06
       daily 
       / 
      ¥
      944.60
       monthly
       
    </b>
    (
    2
     
    regions
    , 
    1000
    RU/s, 
    ¥
    0.00051
    /RU)
  </span>
  <span>
    Estimated monthly cost (
    RMB
    ):
     
    <b>
      ¥
      111.69
       - 
      ¥
      1116.90
       
    </b>
    (
    2
     
    regions
    , 
    100
     - 
    1000
     RU/s, 
    ¥
    0.000765
    /RU)
  </span>
  <span>
    The starting autoscale max RU/s will be determined by the system, based on the current manual throughput settings and storage of your resource. After autoscale has been enabled, you can change the max RU/s.
     
    <a
      href="https://aka.ms/cosmos-autoscale-migration"
    >
      Learn more
    </a>
  </span>
  <span>
    The system will automatically delete items based on the TTL value (in seconds) you provide, without needing a delete operation explicitly issued by a client application. For more information see,
     
    <a
      href="https://aka.ms/cosmos-db-ttl"
      rel="noreferrer"
      target="_blank"
    >
      Time to Live (TTL) in Azure Cosmos DB
    </a>
    .
  </span>
  <span>
    Changing the Indexing Policy impacts query results while the index transformation occurs. When a change is made and the indexing mode is set to consistent or lazy, queries return eventual results until the operation completes. For more information see,
     
    <a
      href="https://aka.ms/cosmosdb/modify-index-policy"
      rel="noreferrer"
      target="_blank"
    >
      Modifying Indexing Policies
    </a>
    .
  </span>
  <span>
    You are about to request an increase in throughput beyond the pre-allocated capacity. The service will scale out and increase throughput for the selected container. This operation will take 1-3 business days to complete. You can track the status of this request in Notifications.
  </span>
  <span>
    You are about to request an increase in throughput beyond the pre-allocated capacity. This operation will take some time to complete.
  </span>
  <span>
    The request to increase the throughput has successfully been submitted. This operation will take 1-3 business days to complete. View the latest status in Notifications.
    <br />
    Database: 
    sampleDb
    , Container: 
    sampleCollection
     
    , Current manual throughput: 1000 RU/s, Target manual throughput: 2000
  </span>
  <span>
    A request to increase the throughput is currently in progress. This operation will take some time to complete.
    <br />
    Database: 
    sampleDb
    , Container: 
    sampleCollection
     
    , Current manual throughput: 1000 RU/s, Target manual throughput: 2000
  </span>
  <span>
    A request to increase the throughput is currently in progress. This operation will take 1-3 business days to complete. View the latest status in Notifications.
    <br />
    Database: 
    sampleDb
    , Container: 
    sampleCollection
     
    , Current manual throughput: 1000 RU/s, Target manual throughput: 2000
  </span>
</Fragment>
`;
