// Jest Snapshot v1, https://goo.gl/fbAQLP

exports[`Copy button snapshot tests should render and click copy 1`] = `
<CustomizedIconButton
  ariaLabel="Copy"
  iconProps={
    {
      "imageProps": {
        "src": {},
      },
    }
  }
  onClick={[Function]}
/>
`;
