// Jest Snapshot v1, https://goo.gl/fbAQLP

exports[`ComputedPropertiesComponent renders 1`] = `
<Stack
  tokens={
    {
      "childrenGap": 5,
    }
  }
>
  <Text
    style={
      {
        "marginBottom": "10px",
        "marginLeft": "30px",
      }
    }
  >
    <StyledLinkBase
      href="https://aka.ms/computed-properties-preview/"
      target="_blank"
    >
      Learn more
       
      <FontIcon
        iconName="NavigateExternalInline"
      />
    </StyledLinkBase>
    Â  about how to define computed properties and how to use them.
  </Text>
  <div
    className="settingsV2Editor"
    tabIndex={0}
  />
</Stack>
`;
