// Jest Snapshot v1, https://goo.gl/fbAQLP

exports[`IndexingPolicyComponent indexing policy is reset 1`] = `
<div
  className="indexingPolicyEditor"
  key="indexingPolicyEditorDiv"
  tabIndex={0}
/>
`;

exports[`IndexingPolicyComponent renders 1`] = `
<div
  className="indexingPolicyEditor"
  key="indexingPolicyEditorDiv"
  tabIndex={0}
/>
`;
